{"timestamp":"2026-08-04 20:23:25","level":"INFO","logger":"com.magioli.jobportal.JobportalApplication","message":"Starting JobportalApplication using Java 25.0.2 with PID 99876 (C:\Users\artur\Code\springCourse\src\main\java\com\magioli\section16\jobportal\target\classes started by artur in C:\Users\artur\Code\springCourse\src\main\java\com\magioli\section16\jobportal)"}{"timestamp":"2026-08-04 20:23:25","level":"DEBUG","logger":"com.magioli.jobportal.JobportalApplication","message":"Running with Spring Boot v4.0.5, Spring v7.0.6"}{"timestamp":"2026-08-04 20:23:25","level":"INFO","logger":"com.magioli.jobportal.JobportalApplication","message":"No active profile set, falling back to 1 default profile: "default""}{"timestamp":"2026-08-04 20:23:25","level":"INFO","logger":"org.springframework.boot.devtools.env.DevToolsPropertyDefaultsPostProcessor","message":"Devtools property defaults active! Set 'spring.devtools.add-properties' to 'false' to disable"}{"timestamp":"2026-08-04 20:23:25","level":"INFO","logger":"org.springframework.boot.devtools.env.DevToolsPropertyDefaultsPostProcessor","message":"For additional web related logging consider setting the 'logging.level.web' property to 'DEBUG'"}{"timestamp":"2026-08-04 20:23:25","level":"INFO","logger":"org.springframework.boot.docker.compose.lifecycle.DockerComposeLifecycleManager","message":"Using Docker Compose file C:\Users\artur\Code\springCourse\src\main\java\com\magioli\section16\jobportal\compose.yml"}{"timestamp":"2026-08-04 20:23:26","level":"INFO","logger":"org.hibernate.validator.internal.util.Version","message":"HV000001: Hibernate Validator 9.0.1.Final"}{"timestamp":"2026-08-04 20:23:28","level":"INFO","logger":"org.springframework.boot.docker.compose.lifecycle.DockerComposeLifecycleManager","message":"There are already Docker Compose services running, skipping startup"}{"timestamp":"2026-08-04 20:23:29","level":"INFO","logger":"org.springframework.data.repository.config.RepositoryConfigurationDelegate","message":"Bootstrapping Spring Data JPA repositories in DEFAULT mode."}{"timestamp":"2026-08-04 20:23:29","level":"INFO","logger":"org.springframework.data.repository.config.RepositoryConfigurationDelegate","message":"Finished Spring Data repository scanning in 126 ms. Found 4 JPA repository interfaces."}{"timestamp":"2026-08-04 20:23:31","level":"INFO","logger":"org.springframework.boot.tomcat.TomcatWebServer","message":"Tomcat initialized with port 8080 (http)"}{"timestamp":"2026-08-04 20:23:31","level":"INFO","logger":"org.apache.coyote.http11.Http11NioProtocol","message":"Initializing ProtocolHandler ["http-nio-8080"]"}{"timestamp":"2026-08-04 20:23:31","level":"INFO","logger":"org.apache.catalina.core.StandardService","message":"Starting service [Tomcat]"}{"timestamp":"2026-08-04 20:23:31","level":"INFO","logger":"org.apache.catalina.core.StandardEngine","message":"Starting Servlet engine: [Apache Tomcat/11.0.20]"}{"timestamp":"2026-08-04 20:23:31","level":"INFO","logger":"org.springframework.boot.web.context.servlet.WebApplicationContextInitializer","message":"Root WebApplicationContext: initialization completed in 2771 ms"}{"timestamp":"2026-08-04 20:23:31","level":"INFO","logger":"com.zaxxer.hikari.HikariDataSource","message":"HikariPool-1 - Starting..."}{"timestamp":"2026-08-04 20:23:32","level":"INFO","logger":"com.zaxxer.hikari.pool.HikariPool","message":"HikariPool-1 - Added connection com.mysql.cj.jdbc.ConnectionImpl@7f3cf92f"}{"timestamp":"2026-08-04 20:23:32","level":"INFO","logger":"com.zaxxer.hikari.HikariDataSource","message":"HikariPool-1 - Start completed."}{"timestamp":"2026-08-04 20:23:32","level":"INFO","logger":"org.hibernate.orm.jpa","message":"HHH008540: Processing PersistenceUnitInfo [name: default]"}{"timestamp":"2026-08-04 20:23:32","level":"INFO","logger":"org.hibernate.orm.core","message":"HHH000001: Hibernate ORM core version 7.2.7.Final"}{"timestamp":"2026-08-04 20:23:33","level":"INFO","logger":"org.springframework.orm.jpa.persistenceunit.SpringPersistenceUnitInfo","message":"No LoadTimeWeaver setup: ignoring JPA class transformer"}{"timestamp":"2026-08-04 20:23:33","level":"INFO","logger":"org.hibernate.orm.connections.pooling","message":"HHH10001005: Database info:
	Database JDBC URL [jdbc:mysql://127.0.0.1:3306/jobportal]
	Database driver: MySQL Connector/J
	Database dialect: MySQLDialect
	Database version: 9.7
	Default catalog/schema: jobportal/undefined
	Autocommit mode: undefined/unknown
	Isolation level: REPEATABLE_READ [default REPEATABLE_READ]
	JDBC fetch size: none
	Pool: DataSourceConnectionProvider
	Minimum pool size: undefined/unknown
	Maximum pool size: undefined/unknown"}{"timestamp":"2026-08-04 20:23:35","level":"INFO","logger":"org.hibernate.orm.core","message":"HHH000489: No JTA platform available (set 'hibernate.transaction.jta.platform' to enable JTA platform integration)"}{"timestamp":"2026-08-04 20:23:35","level":"INFO","logger":"org.springframework.orm.jpa.LocalContainerEntityManagerFactoryBean","message":"Initialized JPA EntityManagerFactory for persistence unit 'default'"}{"timestamp":"2026-08-04 20:23:35","level":"INFO","logger":"org.springframework.data.jpa.repository.query.QueryEnhancerFactories","message":"Hibernate is in classpath; If applicable, HQL parser will be used."}{"timestamp":"2026-08-04 20:23:37","level":"WARN","logger":"org.springframework.boot.jpa.autoconfigure.JpaBaseConfiguration$JpaWebConfiguration","message":"spring.jpa.open-in-view is enabled by default. Therefore, database queries may be performed during view rendering. Explicitly configure spring.jpa.open-in-view to disable this warning"}{"timestamp":"2026-08-04 20:23:37","level":"INFO","logger":"org.springframework.security.config.annotation.authentication.configuration.InitializeAuthenticationProviderBeanManagerConfigurer$InitializeAuthenticationProviderManagerConfigurer","message":"Global AuthenticationManager configured with AuthenticationProvider bean with name jobPortalUsernamePwdAuthenticationProvider"}{"timestamp":"2026-08-04 20:23:38","level":"INFO","logger":"org.springframework.boot.h2console.autoconfigure.H2ConsoleAutoConfiguration","message":"H2 console available at '/h2-console'. Database available at 'jdbc:mysql://127.0.0.1:3306/jobportal'"}{"timestamp":"2026-08-04 20:23:38","level":"INFO","logger":"org.apache.coyote.http11.Http11NioProtocol","message":"Starting ProtocolHandler ["http-nio-8080"]"}{"timestamp":"2026-08-04 20:23:38","level":"INFO","logger":"org.springframework.boot.tomcat.TomcatWebServer","message":"Tomcat started on port 8080 (http) with context path '/'"}{"timestamp":"2026-08-04 20:23:38","level":"INFO","logger":"com.magioli.jobportal.JobportalApplication","message":"Started JobportalApplication in 13.849 seconds (process running for 16.155)"}{"timestamp":"2026-08-04 20:23:38","level":"WARN","logger":"org.springdoc.core.events.SpringDocAppInitializer","message":"SpringDoc /v3/api-docs endpoint is enabled by default. To disable it in production, set the property 'springdoc.api-docs.enabled=false'"}{"timestamp":"2026-08-04 20:23:38","level":"WARN","logger":"org.springdoc.core.events.SpringDocAppInitializer","message":"SpringDoc /swagger-ui.html endpoint is enabled by default. To disable it in production, set the property 'springdoc.swagger-ui.enabled=false'"}{"timestamp":"2026-08-04 20:24:54","level":"INFO","logger":"org.apache.catalina.core.ContainerBase.[Tomcat].[localhost].[/]","message":"Initializing Spring DispatcherServlet 'dispatcherServlet'"}{"timestamp":"2026-08-04 20:24:54","level":"INFO","logger":"org.springframework.web.servlet.DispatcherServlet","message":"Initializing Servlet 'dispatcherServlet'"}{"timestamp":"2026-08-04 20:24:54","level":"INFO","logger":"org.springframework.web.servlet.DispatcherServlet","message":"Completed initialization in 26 ms"}{"timestamp":"2026-08-04 20:24:54","level":"ERROR","logger":"org.apache.catalina.core.ContainerBase.[Tomcat].[localhost].[/].[dispatcherServlet]","message":"Servlet.service() for servlet [dispatcherServlet] in context with path [] threw exception"}org.springframework.security.authentication.BadCredentialsException: Invalid Token received!
	at com.magioli.jobportal.security.filter.JwtTokenValidatorFilter.doFilterInternal(JwtTokenValidatorFilter.java:61)
	at org.springframework.web.filter.OncePerRequestFilter.doFilter(OncePerRequestFilter.java:116)
	at org.springframework.security.web.FilterChainProxy$VirtualFilterChain.doFilter(FilterChainProxy.java:380)
	at org.springframework.security.web.authentication.logout.LogoutFilter.doFilter(LogoutFilter.java:110)
	at org.springframework.security.web.authentication.logout.LogoutFilter.doFilter(LogoutFilter.java:96)
	at org.springframework.security.web.FilterChainProxy$VirtualFilterChain.doFilter(FilterChainProxy.java:380)
	at org.springframework.security.web.csrf.CsrfFilter.doFilterInternal(CsrfFilter.java:118)
	at org.springframework.web.filter.OncePerRequestFilter.doFilter(OncePerRequestFilter.java:116)
	at org.springframework.security.web.FilterChainProxy$VirtualFilterChain.doFilter(FilterChainProxy.java:380)
	at org.springframework.web.filter.CorsFilter.doFilterInternal(CorsFilter.java:91)
	at org.springframework.web.filter.OncePerRequestFilter.doFilter(OncePerRequestFilter.java:116)
	at org.springframework.security.web.FilterChainProxy$VirtualFilterChain.doFilter(FilterChainProxy.java:380)
	at org.springframework.security.web.header.HeaderWriterFilter.doHeadersAfter(HeaderWriterFilter.java:90)
	at org.springframework.security.web.header.HeaderWriterFilter.doFilterInternal(HeaderWriterFilter.java:75)
	at org.springframework.web.filter.OncePerRequestFilter.doFilter(OncePerRequestFilter.java:116)
	at org.springframework.security.web.FilterChainProxy$VirtualFilterChain.doFilter(FilterChainProxy.java:380)
	at org.springframework.security.web.context.SecurityContextHolderFilter.doFilter(SecurityContextHolderFilter.java:82)
	at org.springframework.security.web.context.SecurityContextHolderFilter.doFilter(SecurityContextHolderFilter.java:69)
	at org.springframework.security.web.FilterChainProxy$VirtualFilterChain.doFilter(FilterChainProxy.java:380)
	at org.springframework.security.web.context.request.async.WebAsyncManagerIntegrationFilter.doFilterInternal(WebAsyncManagerIntegrationFilter.java:62)
	at org.springframework.web.filter.OncePerRequestFilter.doFilter(OncePerRequestFilter.java:116)
	at org.springframework.security.web.FilterChainProxy$VirtualFilterChain.doFilter(FilterChainProxy.java:380)
	at org.springframework.security.web.session.DisableEncodeUrlFilter.doFilterInternal(DisableEncodeUrlFilter.java:42)
	at org.springframework.web.filter.OncePerRequestFilter.doFilter(OncePerRequestFilter.java:116)
	at org.springframework.security.web.FilterChainProxy$VirtualFilterChain.doFilter(FilterChainProxy.java:380)
	at org.springframework.security.web.FilterChainProxy.doFilterInternal(FilterChainProxy.java:237)
	at org.springframework.security.web.FilterChainProxy.doFilter(FilterChainProxy.java:195)
	at org.springframework.web.filter.CompositeFilter$VirtualFilterChain.doFilter(CompositeFilter.java:113)
	at org.springframework.web.filter.ServletRequestPathFilter.doFilter(ServletRequestPathFilter.java:52)
	at org.springframework.web.filter.CompositeFilter$VirtualFilterChain.doFilter(CompositeFilter.java:113)
	at org.springframework.web.filter.CompositeFilter.doFilter(CompositeFilter.java:74)
	at org.springframework.security.config.annotation.web.configuration.WebSecurityConfiguration$CompositeFilterChainProxy.doFilter(WebSecurityConfiguration.java:317)
	at org.springframework.web.filter.DelegatingFilterProxy.invokeDelegate(DelegatingFilterProxy.java:355)
	at org.springframework.web.filter.DelegatingFilterProxy.doFilter(DelegatingFilterProxy.java:272)
	at org.apache.catalina.core.ApplicationFilterChain.doFilter(ApplicationFilterChain.java:107)
	at org.springframework.web.filter.RequestContextFilter.doFilterInternal(RequestContextFilter.java:100)
	at org.springframework.web.filter.OncePerRequestFilter.doFilter(OncePerRequestFilter.java:116)
	at org.apache.catalina.core.ApplicationFilterChain.doFilter(ApplicationFilterChain.java:107)
	at org.springframework.web.filter.FormContentFilter.doFilterInternal(FormContentFilter.java:93)
	at org.springframework.web.filter.OncePerRequestFilter.doFilter(OncePerRequestFilter.java:116)
	at org.apache.catalina.core.ApplicationFilterChain.doFilter(ApplicationFilterChain.java:107)
	at org.springframework.web.filter.CharacterEncodingFilter.doFilterInternal(CharacterEncodingFilter.java:199)
	at org.springframework.web.filter.OncePerRequestFilter.doFilter(OncePerRequestFilter.java:116)
	at org.apache.catalina.core.ApplicationFilterChain.doFilter(ApplicationFilterChain.java:107)
	at org.apache.catalina.core.StandardWrapperValve.invoke(StandardWrapperValve.java:165)
	at org.apache.catalina.core.StandardContextValve.invoke(StandardContextValve.java:77)
	at org.apache.catalina.authenticator.AuthenticatorBase.invoke(AuthenticatorBase.java:492)
	at org.apache.catalina.core.StandardHostValve.invoke(StandardHostValve.java:113)
	at org.apache.catalina.valves.ErrorReportValve.invoke(ErrorReportValve.java:83)
	at org.apache.catalina.core.StandardEngineValve.invoke(StandardEngineValve.java:72)
	at org.apache.catalina.connector.CoyoteAdapter.service(CoyoteAdapter.java:341)
	at org.apache.coyote.http11.Http11Processor.service(Http11Processor.java:397)
	at org.apache.coyote.AbstractProcessorLight.process(AbstractProcessorLight.java:63)
	at org.apache.coyote.AbstractProtocol$ConnectionHandler.process(AbstractProtocol.java:903)
	at org.apache.tomcat.util.net.NioEndpoint$SocketProcessor.doRun(NioEndpoint.java:1779)
	at org.apache.tomcat.util.net.SocketProcessorBase.run(SocketProcessorBase.java:52)
	at org.apache.tomcat.util.threads.ThreadPoolExecutor.runWorker(ThreadPoolExecutor.java:946)
	at org.apache.tomcat.util.threads.ThreadPoolExecutor$Worker.run(ThreadPoolExecutor.java:480)
	at org.apache.tomcat.util.threads.TaskThread$WrappingRunnable.run(TaskThread.java:57)
	at java.base/java.lang.Thread.run(Thread.java:1474)
{"timestamp":"2026-08-04 20:24:55","level":"WARN","logger":"org.apache.catalina.util.SessionIdGeneratorBase","message":"Creation of SecureRandom instance for session ID generation using [SHA1PRNG] took [153] milliseconds."}{"timestamp":"2026-08-04 20:28:22","level":"WARN","logger":"org.springframework.web.servlet.mvc.method.annotation.ExceptionHandlerExceptionResolver","message":"Resolved [org.springframework.web.HttpRequestMethodNotSupportedException: Request method 'GET' is not supported]"}{"timestamp":"2026-08-04 20:29:25","level":"WARN","logger":"org.springframework.web.servlet.mvc.method.annotation.ExceptionHandlerExceptionResolver","message":"Resolved [org.springframework.http.converter.HttpMessageNotReadableException: Required request body is missing: public org.springframework.http.ResponseEntity<com.magioli.jobportal.dto.LoginResponseDto> com.magioli.jobportal.auth.AuthController.apiLogin(com.magioli.jobportal.dto.LoginRequestDto)]"}{"timestamp":"2026-08-04 20:30:19","level":"ERROR","logger":"com.magioli.jobportal.aspects.ExceptionAuditAspect","message":"Exception occurred in method: JobPortalUsernamePwdAuthenticationProvider.authenticate(..)"}{"timestamp":"2026-08-04 20:30:19","level":"ERROR","logger":"com.magioli.jobportal.aspects.ExceptionAuditAspect","message":"Arguments: UsernamePasswordAuthenticationToken [Principal=john@gmail.com, Credentials=[PROTECTED], Authenticated=false, Details=null, Granted Authorities=[]]"}{"timestamp":"2026-08-04 20:30:19","level":"ERROR","logger":"com.magioli.jobportal.aspects.ExceptionAuditAspect","message":"Exception type: BadCredentialsException"}{"timestamp":"2026-08-04 20:30:19","level":"ERROR","logger":"com.magioli.jobportal.aspects.ExceptionAuditAspect","message":"Exception occurred in method: AuthController.apiLogin(..)"}{"timestamp":"2026-08-04 20:30:19","level":"ERROR","logger":"com.magioli.jobportal.aspects.ExceptionAuditAspect","message":"Arguments: LoginRequestDto[username=john@gmail.com, password=magioli@gmail.com]"}{"timestamp":"2026-08-04 20:30:19","level":"ERROR","logger":"com.magioli.jobportal.aspects.ExceptionAuditAspect","message":"Exception type: NullPointerException"}{"timestamp":"2026-08-04 20:30:19","level":"WARN","logger":"org.springframework.web.servlet.mvc.method.annotation.ExceptionHandlerExceptionResolver","message":"Resolved [java.lang.NullPointerException: Cannot invoke "com.magioli.jobportal.dto.UserDto.getEmail()" because the return value of "com.magioli.jobportal.dto.LoginResponseDto.user()" is null]"}{"timestamp":"2026-08-04 20:30:41","level":"ERROR","logger":"com.magioli.jobportal.aspects.ExceptionAuditAspect","message":"Exception occurred in method: JobPortalUsernamePwdAuthenticationProvider.authenticate(..)"}{"timestamp":"2026-08-04 20:30:41","level":"ERROR","logger":"com.magioli.jobportal.aspects.ExceptionAuditAspect","message":"Arguments: UsernamePasswordAuthenticationToken [Principal=john@gmail.com, Credentials=[PROTECTED], Authenticated=false, Details=null, Granted Authorities=[]]"}{"timestamp":"2026-08-04 20:30:41","level":"ERROR","logger":"com.magioli.jobportal.aspects.ExceptionAuditAspect","message":"Exception type: BadCredentialsException"}{"timestamp":"2026-08-04 20:30:41","level":"ERROR","logger":"com.magioli.jobportal.aspects.ExceptionAuditAspect","message":"Exception occurred in method: AuthController.apiLogin(..)"}{"timestamp":"2026-08-04 20:30:41","level":"ERROR","logger":"com.magioli.jobportal.aspects.ExceptionAuditAspect","message":"Arguments: LoginRequestDto[username=john@gmail.com, password=magioli@1803]"}{"timestamp":"2026-08-04 20:30:41","level":"ERROR","logger":"com.magioli.jobportal.aspects.ExceptionAuditAspect","message":"Exception type: NullPointerException"}{"timestamp":"2026-08-04 20:30:41","level":"WARN","logger":"org.springframework.web.servlet.mvc.method.annotation.ExceptionHandlerExceptionResolver","message":"Resolved [java.lang.NullPointerException: Cannot invoke "com.magioli.jobportal.dto.UserDto.getEmail()" because the return value of "com.magioli.jobportal.dto.LoginResponseDto.user()" is null]"}{"timestamp":"2026-08-04 20:31:33","level":"INFO","logger":"com.magioli.jobportal.aspects.LoginSuccessAuditAspect","message":"LOGIN SUCCESS | User: sanjana@gmail.com | Role ROLE_EMPLOYER"}{"timestamp":"2026-08-04 20:34:29","level":"ERROR","logger":"org.apache.catalina.core.ContainerBase.[Tomcat].[localhost].[/].[dispatcherServlet]","message":"Servlet.service() for servlet [dispatcherServlet] in context with path [] threw exception"}org.springframework.security.authentication.BadCredentialsException: Invalid Token received!
	at com.magioli.jobportal.security.filter.JwtTokenValidatorFilter.doFilterInternal(JwtTokenValidatorFilter.java:61)
	at org.springframework.web.filter.OncePerRequestFilter.doFilter(OncePerRequestFilter.java:116)
	at org.springframework.security.web.FilterChainProxy$VirtualFilterChain.doFilter(FilterChainProxy.java:380)
	at org.springframework.security.web.authentication.logout.LogoutFilter.doFilter(LogoutFilter.java:110)
	at org.springframework.security.web.authentication.logout.LogoutFilter.doFilter(LogoutFilter.java:96)
	at org.springframework.security.web.FilterChainProxy$VirtualFilterChain.doFilter(FilterChainProxy.java:380)
	at org.springframework.security.web.csrf.CsrfFilter.doFilterInternal(CsrfFilter.java:118)
	at org.springframework.web.filter.OncePerRequestFilter.doFilter(OncePerRequestFilter.java:116)
	at org.springframework.security.web.FilterChainProxy$VirtualFilterChain.doFilter(FilterChainProxy.java:380)
	at org.springframework.web.filter.CorsFilter.doFilterInternal(CorsFilter.java:91)
	at org.springframework.web.filter.OncePerRequestFilter.doFilter(OncePerRequestFilter.java:116)
	at org.springframework.security.web.FilterChainProxy$VirtualFilterChain.doFilter(FilterChainProxy.java:380)
	at org.springframework.security.web.header.HeaderWriterFilter.doHeadersAfter(HeaderWriterFilter.java:90)
	at org.springframework.security.web.header.HeaderWriterFilter.doFilterInternal(HeaderWriterFilter.java:75)
	at org.springframework.web.filter.OncePerRequestFilter.doFilter(OncePerRequestFilter.java:116)
	at org.springframework.security.web.FilterChainProxy$VirtualFilterChain.doFilter(FilterChainProxy.java:380)
	at org.springframework.security.web.context.SecurityContextHolderFilter.doFilter(SecurityContextHolderFilter.java:82)
	at org.springframework.security.web.context.SecurityContextHolderFilter.doFilter(SecurityContextHolderFilter.java:69)
	at org.springframework.security.web.FilterChainProxy$VirtualFilterChain.doFilter(FilterChainProxy.java:380)
	at org.springframework.security.web.context.request.async.WebAsyncManagerIntegrationFilter.doFilterInternal(WebAsyncManagerIntegrationFilter.java:62)
	at org.springframework.web.filter.OncePerRequestFilter.doFilter(OncePerRequestFilter.java:116)
	at org.springframework.security.web.FilterChainProxy$VirtualFilterChain.doFilter(FilterChainProxy.java:380)
	at org.springframework.security.web.session.DisableEncodeUrlFilter.doFilterInternal(DisableEncodeUrlFilter.java:42)
	at org.springframework.web.filter.OncePerRequestFilter.doFilter(OncePerRequestFilter.java:116)
	at org.springframework.security.web.FilterChainProxy$VirtualFilterChain.doFilter(FilterChainProxy.java:380)
	at org.springframework.security.web.FilterChainProxy.doFilterInternal(FilterChainProxy.java:237)
	at org.springframework.security.web.FilterChainProxy.doFilter(FilterChainProxy.java:195)
	at org.springframework.web.filter.CompositeFilter$VirtualFilterChain.doFilter(CompositeFilter.java:113)
	at org.springframework.web.filter.ServletRequestPathFilter.doFilter(ServletRequestPathFilter.java:52)
	at org.springframework.web.filter.CompositeFilter$VirtualFilterChain.doFilter(CompositeFilter.java:113)
	at org.springframework.web.filter.CompositeFilter.doFilter(CompositeFilter.java:74)
	at org.springframework.security.config.annotation.web.configuration.WebSecurityConfiguration$CompositeFilterChainProxy.doFilter(WebSecurityConfiguration.java:317)
	at org.springframework.web.filter.DelegatingFilterProxy.invokeDelegate(DelegatingFilterProxy.java:355)
	at org.springframework.web.filter.DelegatingFilterProxy.doFilter(DelegatingFilterProxy.java:272)
	at org.apache.catalina.core.ApplicationFilterChain.doFilter(ApplicationFilterChain.java:107)
	at org.springframework.web.filter.RequestContextFilter.doFilterInternal(RequestContextFilter.java:100)
	at org.springframework.web.filter.OncePerRequestFilter.doFilter(OncePerRequestFilter.java:116)
	at org.apache.catalina.core.ApplicationFilterChain.doFilter(ApplicationFilterChain.java:107)
	at org.springframework.web.filter.FormContentFilter.doFilterInternal(FormContentFilter.java:93)
	at org.springframework.web.filter.OncePerRequestFilter.doFilter(OncePerRequestFilter.java:116)
	at org.apache.catalina.core.ApplicationFilterChain.doFilter(ApplicationFilterChain.java:107)
	at org.springframework.web.filter.CharacterEncodingFilter.doFilterInternal(CharacterEncodingFilter.java:199)
	at org.springframework.web.filter.OncePerRequestFilter.doFilter(OncePerRequestFilter.java:116)
	at org.apache.catalina.core.ApplicationFilterChain.doFilter(ApplicationFilterChain.java:107)
	at org.apache.catalina.core.StandardWrapperValve.invoke(StandardWrapperValve.java:165)
	at org.apache.catalina.core.StandardContextValve.invoke(StandardContextValve.java:77)
	at org.apache.catalina.authenticator.AuthenticatorBase.invoke(AuthenticatorBase.java:492)
	at org.apache.catalina.core.StandardHostValve.invoke(StandardHostValve.java:113)
	at org.apache.catalina.valves.ErrorReportValve.invoke(ErrorReportValve.java:83)
	at org.apache.catalina.core.StandardEngineValve.invoke(StandardEngineValve.java:72)
	at org.apache.catalina.connector.CoyoteAdapter.service(CoyoteAdapter.java:341)
	at org.apache.coyote.http11.Http11Processor.service(Http11Processor.java:397)
	at org.apache.coyote.AbstractProcessorLight.process(AbstractProcessorLight.java:63)
	at org.apache.coyote.AbstractProtocol$ConnectionHandler.process(AbstractProtocol.java:903)
	at org.apache.tomcat.util.net.NioEndpoint$SocketProcessor.doRun(NioEndpoint.java:1779)
	at org.apache.tomcat.util.net.SocketProcessorBase.run(SocketProcessorBase.java:52)
	at org.apache.tomcat.util.threads.ThreadPoolExecutor.runWorker(ThreadPoolExecutor.java:946)
	at org.apache.tomcat.util.threads.ThreadPoolExecutor$Worker.run(ThreadPoolExecutor.java:480)
	at org.apache.tomcat.util.threads.TaskThread$WrappingRunnable.run(TaskThread.java:57)
	at java.base/java.lang.Thread.run(Thread.java:1474)
{"timestamp":"2026-08-04 20:35:56","level":"ERROR","logger":"com.magioli.jobportal.aspects.ExceptionAuditAspect","message":"Exception occurred in method: JobPortalUsernamePwdAuthenticationProvider.authenticate(..)"}{"timestamp":"2026-08-04 20:35:56","level":"ERROR","logger":"com.magioli.jobportal.aspects.ExceptionAuditAspect","message":"Arguments: UsernamePasswordAuthenticationToken [Principal=john@gmail.com, Credentials=[PROTECTED], Authenticated=false, Details=null, Granted Authorities=[]]"}{"timestamp":"2026-08-04 20:35:56","level":"ERROR","logger":"com.magioli.jobportal.aspects.ExceptionAuditAspect","message":"Exception type: BadCredentialsException"}{"timestamp":"2026-08-04 20:35:56","level":"ERROR","logger":"com.magioli.jobportal.aspects.ExceptionAuditAspect","message":"Exception occurred in method: AuthController.apiLogin(..)"}{"timestamp":"2026-08-04 20:35:56","level":"ERROR","logger":"com.magioli.jobportal.aspects.ExceptionAuditAspect","message":"Arguments: LoginRequestDto[username=john@gmail.com, password=magioli@1803]"}{"timestamp":"2026-08-04 20:35:56","level":"ERROR","logger":"com.magioli.jobportal.aspects.ExceptionAuditAspect","message":"Exception type: NullPointerException"}{"timestamp":"2026-08-04 20:35:56","level":"WARN","logger":"org.springframework.web.servlet.mvc.method.annotation.ExceptionHandlerExceptionResolver","message":"Resolved [java.lang.NullPointerException: Cannot invoke "com.magioli.jobportal.dto.UserDto.getEmail()" because the return value of "com.magioli.jobportal.dto.LoginResponseDto.user()" is null]"}{"timestamp":"2026-08-04 20:36:17","level":"ERROR","logger":"com.magioli.jobportal.aspects.ExceptionAuditAspect","message":"Exception occurred in method: JobPortalUsernamePwdAuthenticationProvider.authenticate(..)"}{"timestamp":"2026-08-04 20:36:17","level":"ERROR","logger":"com.magioli.jobportal.aspects.ExceptionAuditAspect","message":"Arguments: UsernamePasswordAuthenticationToken [Principal=sanjana@gmail.com, Credentials=[PROTECTED], Authenticated=false, Details=null, Granted Authorities=[]]"}{"timestamp":"2026-08-04 20:36:17","level":"ERROR","logger":"com.magioli.jobportal.aspects.ExceptionAuditAspect","message":"Exception type: BadCredentialsException"}{"timestamp":"2026-08-04 20:36:17","level":"ERROR","logger":"com.magioli.jobportal.aspects.ExceptionAuditAspect","message":"Exception occurred in method: AuthController.apiLogin(..)"}{"timestamp":"2026-08-04 20:36:17","level":"ERROR","logger":"com.magioli.jobportal.aspects.ExceptionAuditAspect","message":"Arguments: LoginRequestDto[username=sanjana@gmail.com, password=magioli@1803]"}{"timestamp":"2026-08-04 20:36:17","level":"ERROR","logger":"com.magioli.jobportal.aspects.ExceptionAuditAspect","message":"Exception type: NullPointerException"}{"timestamp":"2026-08-04 20:36:17","level":"WARN","logger":"org.springframework.web.servlet.mvc.method.annotation.ExceptionHandlerExceptionResolver","message":"Resolved [java.lang.NullPointerException: Cannot invoke "com.magioli.jobportal.dto.UserDto.getEmail()" because the return value of "com.magioli.jobportal.dto.LoginResponseDto.user()" is null]"}{"timestamp":"2026-08-04 20:36:34","level":"INFO","logger":"com.magioli.jobportal.aspects.LoginSuccessAuditAspect","message":"LOGIN SUCCESS | User: sanjana@gmail.com | Role ROLE_EMPLOYER"}{"timestamp":"2026-08-04 20:43:40","level":"INFO","logger":"com.magioli.jobportal.aspects.LoginSuccessAuditAspect","message":"LOGIN SUCCESS | User: sanjana@gmail.com | Role ROLE_EMPLOYER"}{"timestamp":"2026-08-04 20:53:12","level":"INFO","logger":"com.magioli.jobportal.aspects.LoginSuccessAuditAspect","message":"LOGIN SUCCESS | User: admin@gmail.com | Role ROLE_ADMIN"}{"timestamp":"2026-08-04 20:53:52","level":"ERROR","logger":"com.magioli.jobportal.aspects.ExceptionAuditAspect","message":"Exception occurred in method: JobPortalUsernamePwdAuthenticationProvider.authenticate(..)"}{"timestamp":"2026-08-04 20:53:52","level":"ERROR","logger":"com.magioli.jobportal.aspects.ExceptionAuditAspect","message":"Arguments: UsernamePasswordAuthenticationToken [Principal=sarjana@gmail.com, Credentials=[PROTECTED], Authenticated=false, Details=null, Granted Authorities=[]]"}{"timestamp":"2026-08-04 20:53:52","level":"ERROR","logger":"com.magioli.jobportal.aspects.ExceptionAuditAspect","message":"Exception type: UsernameNotFoundException"}{"timestamp":"2026-08-04 20:53:52","level":"ERROR","logger":"com.magioli.jobportal.aspects.ExceptionAuditAspect","message":"Exception occurred in method: AuthController.apiLogin(..)"}{"timestamp":"2026-08-04 20:53:52","level":"ERROR","logger":"com.magioli.jobportal.aspects.ExceptionAuditAspect","message":"Arguments: LoginRequestDto[username=sarjana@gmail.com, password=Magioli@1803]"}{"timestamp":"2026-08-04 20:53:52","level":"ERROR","logger":"com.magioli.jobportal.aspects.ExceptionAuditAspect","message":"Exception type: NullPointerException"}{"timestamp":"2026-08-04 20:53:53","level":"WARN","logger":"org.springframework.web.servlet.mvc.method.annotation.ExceptionHandlerExceptionResolver","message":"Resolved [java.lang.NullPointerException: Cannot invoke "com.magioli.jobportal.dto.UserDto.getEmail()" because the return value of "com.magioli.jobportal.dto.LoginResponseDto.user()" is null]"}{"timestamp":"2026-08-04 20:54:07","level":"ERROR","logger":"com.magioli.jobportal.aspects.ExceptionAuditAspect","message":"Exception occurred in method: JobPortalUsernamePwdAuthenticationProvider.authenticate(..)"}{"timestamp":"2026-08-04 20:54:07","level":"ERROR","logger":"com.magioli.jobportal.aspects.ExceptionAuditAspect","message":"Arguments: UsernamePasswordAuthenticationToken [Principal=Sarjana@gmail.com, Credentials=[PROTECTED], Authenticated=false, Details=null, Granted Authorities=[]]"}{"timestamp":"2026-08-04 20:54:07","level":"ERROR","logger":"com.magioli.jobportal.aspects.ExceptionAuditAspect","message":"Exception type: UsernameNotFoundException"}{"timestamp":"2026-08-04 20:54:07","level":"ERROR","logger":"com.magioli.jobportal.aspects.ExceptionAuditAspect","message":"Exception occurred in method: AuthController.apiLogin(..)"}{"timestamp":"2026-08-04 20:54:07","level":"ERROR","logger":"com.magioli.jobportal.aspects.ExceptionAuditAspect","message":"Arguments: LoginRequestDto[username=Sarjana@gmail.com, password=Magioli@1803]"}{"timestamp":"2026-08-04 20:54:07","level":"ERROR","logger":"com.magioli.jobportal.aspects.ExceptionAuditAspect","message":"Exception type: NullPointerException"}{"timestamp":"2026-08-04 20:54:07","level":"WARN","logger":"org.springframework.web.servlet.mvc.method.annotation.ExceptionHandlerExceptionResolver","message":"Resolved [java.lang.NullPointerException: Cannot invoke "com.magioli.jobportal.dto.UserDto.getEmail()" because the return value of "com.magioli.jobportal.dto.LoginResponseDto.user()" is null]"}{"timestamp":"2026-08-04 20:54:14","level":"INFO","logger":"com.magioli.jobportal.aspects.LoginSuccessAuditAspect","message":"LOGIN SUCCESS | User: sanjana@gmail.com | Role ROLE_EMPLOYER"}{"timestamp":"2026-08-04 20:57:30","level":"INFO","logger":"org.springframework.boot.tomcat.GracefulShutdown","message":"Commencing graceful shutdown. Waiting for active requests to complete"}{"timestamp":"2026-08-04 20:57:30","level":"INFO","logger":"org.springframework.boot.tomcat.GracefulShutdown","message":"Graceful shutdown complete"}{"timestamp":"2026-08-04 20:57:30","level":"INFO","logger":"org.springframework.orm.jpa.LocalContainerEntityManagerFactoryBean","message":"Closing JPA EntityManagerFactory for persistence unit 'default'"}{"timestamp":"2026-08-04 20:57:30","level":"INFO","logger":"com.zaxxer.hikari.HikariDataSource","message":"HikariPool-1 - Shutdown initiated..."}{"timestamp":"2026-08-04 20:57:30","level":"INFO","logger":"com.zaxxer.hikari.HikariDataSource","message":"HikariPool-1 - Shutdown completed."}{"timestamp":"2026-08-04 20:57:41","level":"INFO","logger":"com.magioli.jobportal.JobportalApplication","message":"Starting JobportalApplication using Java 25.0.2 with PID 86332 (C:\Users\artur\Code\springCourse\src\main\java\com\magioli\section16\jobportal\target\classes started by artur in C:\Users\artur\Code\springCourse\src\main\java\com\magioli\section16\jobportal)"}{"timestamp":"2026-08-04 20:57:41","level":"DEBUG","logger":"com.magioli.jobportal.JobportalApplication","message":"Running with Spring Boot v4.0.5, Spring v7.0.6"}{"timestamp":"2026-08-04 20:57:41","level":"INFO","logger":"com.magioli.jobportal.JobportalApplication","message":"No active profile set, falling back to 1 default profile: "default""}{"timestamp":"2026-08-04 20:57:41","level":"INFO","logger":"org.springframework.boot.devtools.env.DevToolsPropertyDefaultsPostProcessor","message":"Devtools property defaults active! Set 'spring.devtools.add-properties' to 'false' to disable"}{"timestamp":"2026-08-04 20:57:41","level":"INFO","logger":"org.springframework.boot.devtools.env.DevToolsPropertyDefaultsPostProcessor","message":"For additional web related logging consider setting the 'logging.level.web' property to 'DEBUG'"}{"timestamp":"2026-08-04 20:57:41","level":"INFO","logger":"org.springframework.boot.docker.compose.lifecycle.DockerComposeLifecycleManager","message":"Using Docker Compose file C:\Users\artur\Code\springCourse\src\main\java\com\magioli\section16\jobportal\compose.yml"}{"timestamp":"2026-08-04 20:57:42","level":"INFO","logger":"org.hibernate.validator.internal.util.Version","message":"HV000001: Hibernate Validator 9.0.1.Final"}{"timestamp":"2026-08-04 20:57:46","level":"INFO","logger":"org.springframework.boot.docker.compose.lifecycle.DockerComposeLifecycleManager","message":"There are already Docker Compose services running, skipping startup"}{"timestamp":"2026-08-04 20:57:47","level":"INFO","logger":"org.springframework.data.repository.config.RepositoryConfigurationDelegate","message":"Bootstrapping Spring Data JPA repositories in DEFAULT mode."}{"timestamp":"2026-08-04 20:57:47","level":"INFO","logger":"org.springframework.data.repository.config.RepositoryConfigurationDelegate","message":"Finished Spring Data repository scanning in 56 ms. Found 4 JPA repository interfaces."}{"timestamp":"2026-08-04 20:57:48","level":"INFO","logger":"org.springframework.boot.tomcat.TomcatWebServer","message":"Tomcat initialized with port 8080 (http)"}{"timestamp":"2026-08-04 20:57:48","level":"INFO","logger":"org.apache.coyote.http11.Http11NioProtocol","message":"Initializing ProtocolHandler ["http-nio-8080"]"}{"timestamp":"2026-08-04 20:57:48","level":"INFO","logger":"org.apache.catalina.core.StandardService","message":"Starting service [Tomcat]"}{"timestamp":"2026-08-04 20:57:48","level":"INFO","logger":"org.apache.catalina.core.StandardEngine","message":"Starting Servlet engine: [Apache Tomcat/11.0.20]"}{"timestamp":"2026-08-04 20:57:48","level":"INFO","logger":"org.springframework.boot.web.context.servlet.WebApplicationContextInitializer","message":"Root WebApplicationContext: initialization completed in 2106 ms"}{"timestamp":"2026-08-04 20:57:48","level":"INFO","logger":"com.zaxxer.hikari.HikariDataSource","message":"HikariPool-1 - Starting..."}{"timestamp":"2026-08-04 20:57:49","level":"INFO","logger":"com.zaxxer.hikari.pool.HikariPool","message":"HikariPool-1 - Added connection com.mysql.cj.jdbc.ConnectionImpl@739eeaff"}{"timestamp":"2026-08-04 20:57:49","level":"INFO","logger":"com.zaxxer.hikari.HikariDataSource","message":"HikariPool-1 - Start completed."}{"timestamp":"2026-08-04 20:57:49","level":"INFO","logger":"org.hibernate.orm.jpa","message":"HHH008540: Processing PersistenceUnitInfo [name: default]"}{"timestamp":"2026-08-04 20:57:49","level":"INFO","logger":"org.hibernate.orm.core","message":"HHH000001: Hibernate ORM core version 7.2.7.Final"}{"timestamp":"2026-08-04 20:57:49","level":"INFO","logger":"org.springframework.orm.jpa.persistenceunit.SpringPersistenceUnitInfo","message":"No LoadTimeWeaver setup: ignoring JPA class transformer"}{"timestamp":"2026-08-04 20:57:50","level":"INFO","logger":"org.hibernate.orm.connections.pooling","message":"HHH10001005: Database info:
	Database JDBC URL [jdbc:mysql://127.0.0.1:3306/jobportal]
	Database driver: MySQL Connector/J
	Database dialect: MySQLDialect
	Database version: 9.7
	Default catalog/schema: jobportal/undefined
	Autocommit mode: undefined/unknown
	Isolation level: REPEATABLE_READ [default REPEATABLE_READ]
	JDBC fetch size: none
	Pool: DataSourceConnectionProvider
	Minimum pool size: undefined/unknown
	Maximum pool size: undefined/unknown"}{"timestamp":"2026-08-04 20:57:51","level":"INFO","logger":"org.hibernate.orm.core","message":"HHH000489: No JTA platform available (set 'hibernate.transaction.jta.platform' to enable JTA platform integration)"}{"timestamp":"2026-08-04 20:57:52","level":"INFO","logger":"org.springframework.orm.jpa.LocalContainerEntityManagerFactoryBean","message":"Initialized JPA EntityManagerFactory for persistence unit 'default'"}{"timestamp":"2026-08-04 20:57:52","level":"INFO","logger":"org.springframework.data.jpa.repository.query.QueryEnhancerFactories","message":"Hibernate is in classpath; If applicable, HQL parser will be used."}{"timestamp":"2026-08-04 20:57:53","level":"WARN","logger":"org.springframework.boot.jpa.autoconfigure.JpaBaseConfiguration$JpaWebConfiguration","message":"spring.jpa.open-in-view is enabled by default. Therefore, database queries may be performed during view rendering. Explicitly configure spring.jpa.open-in-view to disable this warning"}{"timestamp":"2026-08-04 20:57:53","level":"INFO","logger":"org.springframework.security.config.annotation.authentication.configuration.InitializeAuthenticationProviderBeanManagerConfigurer$InitializeAuthenticationProviderManagerConfigurer","message":"Global AuthenticationManager configured with AuthenticationProvider bean with name jobPortalUsernamePwdAuthenticationProvider"}{"timestamp":"2026-08-04 20:57:53","level":"INFO","logger":"org.springframework.boot.h2console.autoconfigure.H2ConsoleAutoConfiguration","message":"H2 console available at '/h2-console'. Database available at 'jdbc:mysql://127.0.0.1:3306/jobportal'"}{"timestamp":"2026-08-04 20:57:53","level":"INFO","logger":"org.apache.coyote.http11.Http11NioProtocol","message":"Starting ProtocolHandler ["http-nio-8080"]"}{"timestamp":"2026-08-04 20:57:53","level":"INFO","logger":"org.springframework.boot.tomcat.TomcatWebServer","message":"Tomcat started on port 8080 (http) with context path '/'"}{"timestamp":"2026-08-04 20:57:53","level":"INFO","logger":"com.magioli.jobportal.JobportalApplication","message":"Started JobportalApplication in 12.492 seconds (process running for 13.258)"}{"timestamp":"2026-08-04 20:57:53","level":"WARN","logger":"org.springdoc.core.events.SpringDocAppInitializer","message":"SpringDoc /v3/api-docs endpoint is enabled by default. To disable it in production, set the property 'springdoc.api-docs.enabled=false'"}{"timestamp":"2026-08-04 20:57:53","level":"WARN","logger":"org.springdoc.core.events.SpringDocAppInitializer","message":"SpringDoc /swagger-ui.html endpoint is enabled by default. To disable it in production, set the property 'springdoc.swagger-ui.enabled=false'"}{"timestamp":"2026-08-04 20:59:36","level":"INFO","logger":"org.apache.catalina.core.ContainerBase.[Tomcat].[localhost].[/]","message":"Initializing Spring DispatcherServlet 'dispatcherServlet'"}{"timestamp":"2026-08-04 20:59:36","level":"INFO","logger":"org.springframework.web.servlet.DispatcherServlet","message":"Initializing Servlet 'dispatcherServlet'"}{"timestamp":"2026-08-04 20:59:36","level":"INFO","logger":"org.springframework.web.servlet.DispatcherServlet","message":"Completed initialization in 32 ms"}{"timestamp":"2026-08-04 20:59:46","level":"INFO","logger":"com.magioli.jobportal.aspects.LoginSuccessAuditAspect","message":"LOGIN SUCCESS | User: sanjana@gmail.com | Role ROLE_EMPLOYER"}{"timestamp":"2026-08-04 21:00:01","level":"ERROR","logger":"org.apache.catalina.core.ContainerBase.[Tomcat].[localhost].[/].[dispatcherServlet]","message":"Servlet.service() for servlet [dispatcherServlet] in context with path [] threw exception"}org.springframework.security.authentication.BadCredentialsException: Invalid Token received!
	at com.magioli.jobportal.security.filter.JwtTokenValidatorFilter.doFilterInternal(JwtTokenValidatorFilter.java:61)
	at org.springframework.web.filter.OncePerRequestFilter.doFilter(OncePerRequestFilter.java:116)
	at org.springframework.security.web.FilterChainProxy$VirtualFilterChain.doFilter(FilterChainProxy.java:380)
	at org.springframework.security.web.authentication.logout.LogoutFilter.doFilter(LogoutFilter.java:110)
	at org.springframework.security.web.authentication.logout.LogoutFilter.doFilter(LogoutFilter.java:96)
	at org.springframework.security.web.FilterChainProxy$VirtualFilterChain.doFilter(FilterChainProxy.java:380)
	at org.springframework.security.web.csrf.CsrfFilter.doFilterInternal(CsrfFilter.java:118)
	at org.springframework.web.filter.OncePerRequestFilter.doFilter(OncePerRequestFilter.java:116)
	at org.springframework.security.web.FilterChainProxy$VirtualFilterChain.doFilter(FilterChainProxy.java:380)
	at org.springframework.web.filter.CorsFilter.doFilterInternal(CorsFilter.java:91)
	at org.springframework.web.filter.OncePerRequestFilter.doFilter(OncePerRequestFilter.java:116)
	at org.springframework.security.web.FilterChainProxy$VirtualFilterChain.doFilter(FilterChainProxy.java:380)
	at org.springframework.security.web.header.HeaderWriterFilter.doHeadersAfter(HeaderWriterFilter.java:90)
	at org.springframework.security.web.header.HeaderWriterFilter.doFilterInternal(HeaderWriterFilter.java:75)
	at org.springframework.web.filter.OncePerRequestFilter.doFilter(OncePerRequestFilter.java:116)
	at org.springframework.security.web.FilterChainProxy$VirtualFilterChain.doFilter(FilterChainProxy.java:380)
	at org.springframework.security.web.context.SecurityContextHolderFilter.doFilter(SecurityContextHolderFilter.java:82)
	at org.springframework.security.web.context.SecurityContextHolderFilter.doFilter(SecurityContextHolderFilter.java:69)
	at org.springframework.security.web.FilterChainProxy$VirtualFilterChain.doFilter(FilterChainProxy.java:380)
	at org.springframework.security.web.context.request.async.WebAsyncManagerIntegrationFilter.doFilterInternal(WebAsyncManagerIntegrationFilter.java:62)
	at org.springframework.web.filter.OncePerRequestFilter.doFilter(OncePerRequestFilter.java:116)
	at org.springframework.security.web.FilterChainProxy$VirtualFilterChain.doFilter(FilterChainProxy.java:380)
	at org.springframework.security.web.session.DisableEncodeUrlFilter.doFilterInternal(DisableEncodeUrlFilter.java:42)
	at org.springframework.web.filter.OncePerRequestFilter.doFilter(OncePerRequestFilter.java:116)
	at org.springframework.security.web.FilterChainProxy$VirtualFilterChain.doFilter(FilterChainProxy.java:380)
	at org.springframework.security.web.FilterChainProxy.doFilterInternal(FilterChainProxy.java:237)
	at org.springframework.security.web.FilterChainProxy.doFilter(FilterChainProxy.java:195)
	at org.springframework.web.filter.CompositeFilter$VirtualFilterChain.doFilter(CompositeFilter.java:113)
	at org.springframework.web.filter.ServletRequestPathFilter.doFilter(ServletRequestPathFilter.java:52)
	at org.springframework.web.filter.CompositeFilter$VirtualFilterChain.doFilter(CompositeFilter.java:113)
	at org.springframework.web.filter.CompositeFilter.doFilter(CompositeFilter.java:74)
	at org.springframework.security.config.annotation.web.configuration.WebSecurityConfiguration$CompositeFilterChainProxy.doFilter(WebSecurityConfiguration.java:317)
	at org.springframework.web.filter.DelegatingFilterProxy.invokeDelegate(DelegatingFilterProxy.java:355)
	at org.springframework.web.filter.DelegatingFilterProxy.doFilter(DelegatingFilterProxy.java:272)
	at org.apache.catalina.core.ApplicationFilterChain.doFilter(ApplicationFilterChain.java:107)
	at org.springframework.web.filter.RequestContextFilter.doFilterInternal(RequestContextFilter.java:100)
	at org.springframework.web.filter.OncePerRequestFilter.doFilter(OncePerRequestFilter.java:116)
	at org.apache.catalina.core.ApplicationFilterChain.doFilter(ApplicationFilterChain.java:107)
	at org.springframework.web.filter.FormContentFilter.doFilterInternal(FormContentFilter.java:93)
	at org.springframework.web.filter.OncePerRequestFilter.doFilter(OncePerRequestFilter.java:116)
	at org.apache.catalina.core.ApplicationFilterChain.doFilter(ApplicationFilterChain.java:107)
	at org.springframework.web.filter.CharacterEncodingFilter.doFilterInternal(CharacterEncodingFilter.java:199)
	at org.springframework.web.filter.OncePerRequestFilter.doFilter(OncePerRequestFilter.java:116)
	at org.apache.catalina.core.ApplicationFilterChain.doFilter(ApplicationFilterChain.java:107)
	at org.apache.catalina.core.StandardWrapperValve.invoke(StandardWrapperValve.java:165)
	at org.apache.catalina.core.StandardContextValve.invoke(StandardContextValve.java:77)
	at org.apache.catalina.authenticator.AuthenticatorBase.invoke(AuthenticatorBase.java:492)
	at org.apache.catalina.core.StandardHostValve.invoke(StandardHostValve.java:113)
	at org.apache.catalina.valves.ErrorReportValve.invoke(ErrorReportValve.java:83)
	at org.apache.catalina.core.StandardEngineValve.invoke(StandardEngineValve.java:72)
	at org.apache.catalina.connector.CoyoteAdapter.service(CoyoteAdapter.java:341)
	at org.apache.coyote.http11.Http11Processor.service(Http11Processor.java:397)
	at org.apache.coyote.AbstractProcessorLight.process(AbstractProcessorLight.java:63)
	at org.apache.coyote.AbstractProtocol$ConnectionHandler.process(AbstractProtocol.java:903)
	at org.apache.tomcat.util.net.NioEndpoint$SocketProcessor.doRun(NioEndpoint.java:1779)
	at org.apache.tomcat.util.net.SocketProcessorBase.run(SocketProcessorBase.java:52)
	at org.apache.tomcat.util.threads.ThreadPoolExecutor.runWorker(ThreadPoolExecutor.java:946)
	at org.apache.tomcat.util.threads.ThreadPoolExecutor$Worker.run(ThreadPoolExecutor.java:480)
	at org.apache.tomcat.util.threads.TaskThread$WrappingRunnable.run(TaskThread.java:57)
	at java.base/java.lang.Thread.run(Thread.java:1474)
{"timestamp":"2026-08-04 21:00:13","level":"INFO","logger":"com.magioli.jobportal.aspects.LoginSuccessAuditAspect","message":"LOGIN SUCCESS | User: admin@gmail.com | Role ROLE_ADMIN"}{"timestamp":"2026-08-04 21:04:26","level":"INFO","logger":"org.springframework.boot.tomcat.GracefulShutdown","message":"Commencing graceful shutdown. Waiting for active requests to complete"}{"timestamp":"2026-08-04 21:04:26","level":"INFO","logger":"org.springframework.boot.tomcat.GracefulShutdown","message":"Graceful shutdown complete"}{"timestamp":"2026-08-04 21:04:26","level":"INFO","logger":"org.springframework.orm.jpa.LocalContainerEntityManagerFactoryBean","message":"Closing JPA EntityManagerFactory for persistence unit 'default'"}{"timestamp":"2026-08-04 21:04:26","level":"INFO","logger":"com.zaxxer.hikari.HikariDataSource","message":"HikariPool-1 - Shutdown initiated..."}{"timestamp":"2026-08-04 21:04:26","level":"INFO","logger":"com.zaxxer.hikari.HikariDataSource","message":"HikariPool-1 - Shutdown completed."}